C:\Users\i710th gen\OneDrive\Documents\GitHub\MachineProb_CMSC13\src\main\java\cmsc13\game\Player.java
C:\Users\i710th gen\OneDrive\Documents\GitHub\MachineProb_CMSC13\src\main\java\cmsc13\game\QuestionBank.java
C:\Users\i710th gen\OneDrive\Documents\GitHub\MachineProb_CMSC13\src\main\java\cmsc13\game\Trial.java
C:\Users\i710th gen\OneDrive\Documents\GitHub\MachineProb_CMSC13\src\main\java\cmsc13\game\Gate.java
C:\Users\i710th gen\OneDrive\Documents\GitHub\MachineProb_CMSC13\src\main\java\cmsc13\game\QuestionType.java
C:\Users\i710th gen\OneDrive\Documents\GitHub\MachineProb_CMSC13\src\main\java\cmsc13\game\Platform.java
C:\Users\i710th gen\OneDrive\Documents\GitHub\MachineProb_CMSC13\src\main\java\cmsc13\game\GameApplication.java
C:\Users\i710th gen\OneDrive\Documents\GitHub\MachineProb_CMSC13\src\main\java\cmsc13\game\QuestionManager.java
C:\Users\i710th gen\OneDrive\Documents\GitHub\MachineProb_CMSC13\src\main\java\cmsc13\game\Constants.java
C:\Users\i710th gen\OneDrive\Documents\GitHub\MachineProb_CMSC13\src\main\java\cmsc13\game\TrialManager.java
C:\Users\i710th gen\OneDrive\Documents\GitHub\MachineProb_CMSC13\src\main\java\cmsc13\game\Question.java
C:\Users\i710th gen\OneDrive\Documents\GitHub\MachineProb_CMSC13\src\main\java\cmsc13\game\GameState.java
C:\Users\i710th gen\OneDrive\Documents\GitHub\MachineProb_CMSC13\src\main\java\cmsc13\game\Main.java
